../Core/Src/main.c:347:6:SystemClock_Config	104	static,ignoring_inline_asm
../Core/Src/main.c:404:6:Get_Descriptor	152	static
../Core/Src/main.c:413:6:SimulateKeyPress	8	static
../Core/Src/main.c:425:6:SimulateKeyRelease	8	static
../Core/Src/main.c:432:6:SimulateKeyStroke	8	static
../Core/Src/main.c:439:6:SimulateKeyStrokes	24	static
../Core/Src/main.c:455:6:PrintRecvBuf	16	static
../Core/Src/main.c:465:6:InitKeyboardStatus	8	static
../Core/Src/main.c:474:6:Convert2CapsMap	0	static
../Core/Src/main.c:481:6:InterruptTrap	8	static
../Core/Src/main.c:288:5:main	416	static
../Core/Src/main.c:492:6:HAL_TIM_PeriodElapsedCallback	8	static
../Core/Src/main.c:514:6:HAL_GPIO_EXTI_Callback	0	static
../Core/Src/main.c:526:6:Error_Handler	0	static,ignoring_inline_asm
