../Core/Inc/BadUSB_APP.h:46:6:SimulateUSB_unplug	8	static
../Core/Inc/BadUSB_APP.h:50:6:SimulateUSB_plugin	8	static
../Core/Inc/BadUSB_APP.h:54:6:SwitchToHID	8	static
../Core/Inc/BadUSB_APP.h:64:6:SwitchToMSC	8	static
../Core/Inc/BadUSB_APP.h:73:6:Get_Single_Descriptor	152	static
../Core/Inc/BadUSB_APP.h:85:6:Get_Multi_Descriptor	160	static
../Core/Inc/BadUSB_APP.h:97:6:SimulateKeyPress	16	static
../Core/Inc/BadUSB_APP.h:104:6:SimulateKeyRelease	8	static
../Core/Inc/BadUSB_APP.h:111:6:SimulateKeyStroke	16	static
../Core/Inc/BadUSB_APP.h:118:6:SimulateShortcutKey	16	static
../Core/Inc/BadUSB_APP.h:129:6:SimulateKeyStrokes	24	static
../Core/Inc/BadUSB_APP.h:145:6:PrintRecvBuf	24	static
../Core/Inc/BadUSB_APP.h:155:6:InitKeyboardStatus	8	static
../Core/Inc/BadUSB_APP.h:164:6:Convert2CapsMap	24	static
../Core/Inc/BadUSB_APP.h:171:6:InterruptTrap	16	static
../Core/Inc/BadUSB_APP.h:182:5:TestHID	16	static
../Core/Inc/BadUSB_APP.h:191:6:BadUSB_Attack	288	static
../Core/Src/main.c:70:5:main	16	static
../Core/Src/main.c:160:6:SystemClock_Config	96	static
../Core/Src/main.c:217:6:HAL_TIM_PeriodElapsedCallback	16	static
../Core/Src/main.c:239:6:HAL_GPIO_EXTI_Callback	16	static
../Core/Src/main.c:251:6:Error_Handler	4	static,ignoring_inline_asm
