../Core/Src/main.c:321:5:main	16	static
../Core/Src/main.c:409:6:SystemClock_Config	96	static
../Core/Src/main.c:466:6:SimulateUSB_unplug	8	static
../Core/Src/main.c:470:6:SimulateUSB_plugin	8	static
../Core/Src/main.c:474:6:SwitchToHID	8	static
../Core/Src/main.c:484:6:SwitchToMSC	8	static
../Core/Src/main.c:493:6:Get_Single_Descriptor	152	static
../Core/Src/main.c:505:6:Get_Multi_Descriptor	160	static
../Core/Src/main.c:517:6:SimulateKeyPress	16	static
../Core/Src/main.c:524:6:SimulateKeyRelease	8	static
../Core/Src/main.c:531:6:SimulateKeyStroke	16	static
../Core/Src/main.c:538:6:SimulateShortcutKey	16	static
../Core/Src/main.c:549:6:SimulateKeyStrokes	24	static
../Core/Src/main.c:565:6:PrintRecvBuf	24	static
../Core/Src/main.c:575:6:InitKeyboardStatus	8	static
../Core/Src/main.c:584:6:Convert2CapsMap	24	static
../Core/Src/main.c:591:6:InterruptTrap	16	static
../Core/Src/main.c:602:6:BadUSB_Attack	280	static
../Core/Src/main.c:641:6:HAL_TIM_PeriodElapsedCallback	16	static
../Core/Src/main.c:663:6:HAL_GPIO_EXTI_Callback	16	static
../Core/Src/main.c:675:6:Error_Handler	4	static,ignoring_inline_asm
