../Drivers/STM32F0xx_HAL_Driver/Src/stm32f0xx_ll_usb.c:63:19:USB_CoreInit	0	static
../Drivers/STM32F0xx_HAL_Driver/Src/stm32f0xx_ll_usb.c:83:19:USB_EnableGlobalInt	0	static
../Drivers/STM32F0xx_HAL_Driver/Src/stm32f0xx_ll_usb.c:108:19:USB_DisableGlobalInt	0	static
../Drivers/STM32F0xx_HAL_Driver/Src/stm32f0xx_ll_usb.c:132:19:USB_SetCurrentMode	0	static
../Drivers/STM32F0xx_HAL_Driver/Src/stm32f0xx_ll_usb.c:153:19:USB_DevInit	8	static
../Drivers/STM32F0xx_HAL_Driver/Src/stm32f0xx_ll_usb.c:181:19:USB_ActivateEndpoint	32	static
../Drivers/STM32F0xx_HAL_Driver/Src/stm32f0xx_ll_usb.c:314:19:USB_DeactivateEndpoint	20	static
../Drivers/STM32F0xx_HAL_Driver/Src/stm32f0xx_ll_usb.c:593:19:USB_EPSetStall	0	static
../Drivers/STM32F0xx_HAL_Driver/Src/stm32f0xx_ll_usb.c:613:19:USB_EPClearStall	0	static
../Drivers/STM32F0xx_HAL_Driver/Src/stm32f0xx_ll_usb.c:645:19:USB_EPStopXfer	8	static
../Drivers/STM32F0xx_HAL_Driver/Src/stm32f0xx_ll_usb.c:690:19:USB_StopDevice	0	static
../Drivers/STM32F0xx_HAL_Driver/Src/stm32f0xx_ll_usb.c:711:20:USB_SetDevAddress	0	static
../Drivers/STM32F0xx_HAL_Driver/Src/stm32f0xx_ll_usb.c:727:20:USB_DevConnect	0	static
../Drivers/STM32F0xx_HAL_Driver/Src/stm32f0xx_ll_usb.c:740:20:USB_DevDisconnect	0	static
../Drivers/STM32F0xx_HAL_Driver/Src/stm32f0xx_ll_usb.c:753:10:USB_ReadInterrupts	0	static
../Drivers/STM32F0xx_HAL_Driver/Src/stm32f0xx_ll_usb.c:766:19:USB_ActivateRemoteWakeup	0	static
../Drivers/STM32F0xx_HAL_Driver/Src/stm32f0xx_ll_usb.c:778:19:USB_DeActivateRemoteWakeup	0	static
../Drivers/STM32F0xx_HAL_Driver/Src/stm32f0xx_ll_usb.c:793:6:USB_WritePMA	12	static
../Drivers/STM32F0xx_HAL_Driver/Src/stm32f0xx_ll_usb.c:373:19:USB_EPStartXfer	48	static
../Drivers/STM32F0xx_HAL_Driver/Src/stm32f0xx_ll_usb.c:828:6:USB_ReadPMA	20	static
