../Drivers/STM32F0xx_HAL_Driver/Src/stm32f0xx_hal_pcd.c:260:13:HAL_PCD_MspInit	0	static
../Drivers/STM32F0xx_HAL_Driver/Src/stm32f0xx_hal_pcd.c:126:19:HAL_PCD_Init	48	static
../Drivers/STM32F0xx_HAL_Driver/Src/stm32f0xx_hal_pcd.c:275:13:HAL_PCD_MspDeInit	0	static
../Drivers/STM32F0xx_HAL_Driver/Src/stm32f0xx_hal_pcd.c:221:19:HAL_PCD_DeInit	16	static
../Drivers/STM32F0xx_HAL_Driver/Src/stm32f0xx_hal_pcd.c:978:19:HAL_PCD_Start	16	static
../Drivers/STM32F0xx_HAL_Driver/Src/stm32f0xx_hal_pcd.c:993:19:HAL_PCD_Stop	16	static
../Drivers/STM32F0xx_HAL_Driver/Src/stm32f0xx_hal_pcd.c:1155:13:HAL_PCD_DataOutStageCallback	0	static
../Drivers/STM32F0xx_HAL_Driver/Src/stm32f0xx_hal_pcd.c:1172:13:HAL_PCD_DataInStageCallback	0	static
../Drivers/STM32F0xx_HAL_Driver/Src/stm32f0xx_hal_pcd.c:1187:13:HAL_PCD_SetupStageCallback	0	static
../Drivers/STM32F0xx_HAL_Driver/Src/stm32f0xx_hal_pcd.c:1202:13:HAL_PCD_SOFCallback	0	static
../Drivers/STM32F0xx_HAL_Driver/Src/stm32f0xx_hal_pcd.c:1217:13:HAL_PCD_ResetCallback	0	static
../Drivers/STM32F0xx_HAL_Driver/Src/stm32f0xx_hal_pcd.c:1232:13:HAL_PCD_SuspendCallback	0	static
../Drivers/STM32F0xx_HAL_Driver/Src/stm32f0xx_hal_pcd.c:1247:13:HAL_PCD_ResumeCallback	0	static
../Drivers/STM32F0xx_HAL_Driver/Src/stm32f0xx_hal_pcd.c:1263:13:HAL_PCD_ISOOUTIncompleteCallback	0	static
../Drivers/STM32F0xx_HAL_Driver/Src/stm32f0xx_hal_pcd.c:1280:13:HAL_PCD_ISOINIncompleteCallback	0	static
../Drivers/STM32F0xx_HAL_Driver/Src/stm32f0xx_hal_pcd.c:1296:13:HAL_PCD_ConnectCallback	0	static
../Drivers/STM32F0xx_HAL_Driver/Src/stm32f0xx_hal_pcd.c:1311:13:HAL_PCD_DisconnectCallback	0	static
../Drivers/STM32F0xx_HAL_Driver/Src/stm32f0xx_hal_pcd.c:1345:19:HAL_PCD_DevConnect	16	static
../Drivers/STM32F0xx_HAL_Driver/Src/stm32f0xx_hal_pcd.c:1359:19:HAL_PCD_DevDisconnect	16	static
../Drivers/STM32F0xx_HAL_Driver/Src/stm32f0xx_hal_pcd.c:1374:19:HAL_PCD_SetAddress	16	static
../Drivers/STM32F0xx_HAL_Driver/Src/stm32f0xx_hal_pcd.c:1009:6:HAL_PCD_IRQHandler	40	static
../Drivers/STM32F0xx_HAL_Driver/Src/stm32f0xx_hal_pcd.c:1391:19:HAL_PCD_EP_Open	16	static
../Drivers/STM32F0xx_HAL_Driver/Src/stm32f0xx_hal_pcd.c:1431:19:HAL_PCD_EP_Close	16	static
../Drivers/STM32F0xx_HAL_Driver/Src/stm32f0xx_hal_pcd.c:1462:19:HAL_PCD_EP_Receive	16	static
../Drivers/STM32F0xx_HAL_Driver/Src/stm32f0xx_hal_pcd.c:1486:10:HAL_PCD_EP_GetRxCount	0	static
../Drivers/STM32F0xx_HAL_Driver/Src/stm32f0xx_hal_pcd.c:1498:19:HAL_PCD_EP_Transmit	16	static
../Drivers/STM32F0xx_HAL_Driver/Src/stm32f0xx_hal_pcd.c:1526:19:HAL_PCD_EP_SetStall	16	static
../Drivers/STM32F0xx_HAL_Driver/Src/stm32f0xx_hal_pcd.c:1564:19:HAL_PCD_EP_ClrStall	16	static
../Drivers/STM32F0xx_HAL_Driver/Src/stm32f0xx_hal_pcd.c:1600:19:HAL_PCD_EP_Abort	8	static
../Drivers/STM32F0xx_HAL_Driver/Src/stm32f0xx_hal_pcd.c:1626:19:HAL_PCD_EP_Flush	0	static
../Drivers/STM32F0xx_HAL_Driver/Src/stm32f0xx_hal_pcd.c:1640:19:HAL_PCD_ActivateRemoteWakeup	8	static
../Drivers/STM32F0xx_HAL_Driver/Src/stm32f0xx_hal_pcd.c:1650:19:HAL_PCD_DeActivateRemoteWakeup	8	static
../Drivers/STM32F0xx_HAL_Driver/Src/stm32f0xx_hal_pcd.c:1679:18:HAL_PCD_GetState	0	static
