../Core/Src/main.c:281:6:SystemClock_Config	104	static,ignoring_inline_asm
../Core/Src/main.c:320:6:Get_Descriptor	16	static
../Core/Src/main.c:328:6:SimulateKeyPress	8	static
../Core/Src/main.c:335:6:SimulateKeyRelease	16	static
../Core/Src/main.c:342:6:SimulateKeyStroke	8	static
../Core/Src/main.c:349:6:SimulateKeyStrokes	16	static
../Core/Src/main.c:355:6:PrintRecvBuf	16	static
../Core/Src/main.c:363:6:HAL_GPIO_EXTI_Callback	280	static
../Core/Src/main.c:234:5:main	8	static
../Core/Src/main.c:404:6:Error_Handler	0	static,ignoring_inline_asm
