../Core/Src/main.c:292:6:SystemClock_Config	104	static,ignoring_inline_asm
../Core/Src/main.c:331:6:Get_Descriptor	16	static
../Core/Src/main.c:339:6:SimulateKeyPress	8	static
../Core/Src/main.c:346:6:SimulateKeyRelease	16	static
../Core/Src/main.c:353:6:SimulateKeyStroke	8	static
../Core/Src/main.c:360:6:SimulateKeyStrokes	16	static
../Core/Src/main.c:366:6:PrintRecvBuf	16	static
../Core/Src/main.c:376:6:InitKeyboardStatus	8	static
../Core/Src/main.c:385:6:Convert2CapsMap	0	static
../Core/Src/main.c:392:6:HAL_GPIO_EXTI_Callback	264	static
../Core/Src/main.c:239:5:main	8	static
../Core/Src/main.c:417:6:Error_Handler	0	static,ignoring_inline_asm
