../Drivers/STM32L4xx_HAL_Driver/Src/stm32l4xx_hal_pcd.c:304:13:HAL_PCD_MspInit	0	static
../Drivers/STM32L4xx_HAL_Driver/Src/stm32l4xx_hal_pcd.c:136:19:HAL_PCD_Init	48	static
../Drivers/STM32L4xx_HAL_Driver/Src/stm32l4xx_hal_pcd.c:319:13:HAL_PCD_MspDeInit	0	static
../Drivers/STM32L4xx_HAL_Driver/Src/stm32l4xx_hal_pcd.c:265:19:HAL_PCD_DeInit	16	static
../Drivers/STM32L4xx_HAL_Driver/Src/stm32l4xx_hal_pcd.c:1022:19:HAL_PCD_Start	8	static
../Drivers/STM32L4xx_HAL_Driver/Src/stm32l4xx_hal_pcd.c:1048:19:HAL_PCD_Stop	8	static
../Drivers/STM32L4xx_HAL_Driver/Src/stm32l4xx_hal_pcd.c:1673:13:HAL_PCD_DataOutStageCallback	0	static
../Drivers/STM32L4xx_HAL_Driver/Src/stm32l4xx_hal_pcd.c:1690:13:HAL_PCD_DataInStageCallback	0	static
../Drivers/STM32L4xx_HAL_Driver/Src/stm32l4xx_hal_pcd.c:1705:13:HAL_PCD_SetupStageCallback	0	static
../Drivers/STM32L4xx_HAL_Driver/Src/stm32l4xx_hal_pcd.c:1720:13:HAL_PCD_SOFCallback	0	static
../Drivers/STM32L4xx_HAL_Driver/Src/stm32l4xx_hal_pcd.c:1735:13:HAL_PCD_ResetCallback	0	static
../Drivers/STM32L4xx_HAL_Driver/Src/stm32l4xx_hal_pcd.c:1750:13:HAL_PCD_SuspendCallback	0	static
../Drivers/STM32L4xx_HAL_Driver/Src/stm32l4xx_hal_pcd.c:1765:13:HAL_PCD_ResumeCallback	0	static
../Drivers/STM32L4xx_HAL_Driver/Src/stm32l4xx_hal_pcd.c:1781:13:HAL_PCD_ISOOUTIncompleteCallback	0	static
../Drivers/STM32L4xx_HAL_Driver/Src/stm32l4xx_hal_pcd.c:1798:13:HAL_PCD_ISOINIncompleteCallback	0	static
../Drivers/STM32L4xx_HAL_Driver/Src/stm32l4xx_hal_pcd.c:1814:13:HAL_PCD_ConnectCallback	0	static
../Drivers/STM32L4xx_HAL_Driver/Src/stm32l4xx_hal_pcd.c:1829:13:HAL_PCD_DisconnectCallback	0	static
../Drivers/STM32L4xx_HAL_Driver/Src/stm32l4xx_hal_pcd.c:1863:19:HAL_PCD_DevConnect	8	static
../Drivers/STM32L4xx_HAL_Driver/Src/stm32l4xx_hal_pcd.c:1890:19:HAL_PCD_DevDisconnect	8	static
../Drivers/STM32L4xx_HAL_Driver/Src/stm32l4xx_hal_pcd.c:1918:19:HAL_PCD_SetAddress	8	static
../Drivers/STM32L4xx_HAL_Driver/Src/stm32l4xx_hal_pcd.c:1527:6:HAL_PCD_IRQHandler	48	static
../Drivers/STM32L4xx_HAL_Driver/Src/stm32l4xx_hal_pcd.c:1935:19:HAL_PCD_EP_Open	16	static
../Drivers/STM32L4xx_HAL_Driver/Src/stm32l4xx_hal_pcd.c:1983:19:HAL_PCD_EP_Close	8	static
../Drivers/STM32L4xx_HAL_Driver/Src/stm32l4xx_hal_pcd.c:2014:19:HAL_PCD_EP_Receive	16	static
../Drivers/STM32L4xx_HAL_Driver/Src/stm32l4xx_hal_pcd.c:2038:10:HAL_PCD_EP_GetRxCount	0	static
../Drivers/STM32L4xx_HAL_Driver/Src/stm32l4xx_hal_pcd.c:2050:19:HAL_PCD_EP_Transmit	16	static
../Drivers/STM32L4xx_HAL_Driver/Src/stm32l4xx_hal_pcd.c:2085:19:HAL_PCD_EP_SetStall	16	static
../Drivers/STM32L4xx_HAL_Driver/Src/stm32l4xx_hal_pcd.c:2128:19:HAL_PCD_EP_ClrStall	16	static
../Drivers/STM32L4xx_HAL_Driver/Src/stm32l4xx_hal_pcd.c:2164:19:HAL_PCD_EP_Abort	0	static
../Drivers/STM32L4xx_HAL_Driver/Src/stm32l4xx_hal_pcd.c:2190:19:HAL_PCD_EP_Flush	8	static
../Drivers/STM32L4xx_HAL_Driver/Src/stm32l4xx_hal_pcd.c:2213:19:HAL_PCD_ActivateRemoteWakeup	0	static
../Drivers/STM32L4xx_HAL_Driver/Src/stm32l4xx_hal_pcd.c:2223:19:HAL_PCD_DeActivateRemoteWakeup	0	static
../Drivers/STM32L4xx_HAL_Driver/Src/stm32l4xx_hal_pcd.c:2252:18:HAL_PCD_GetState	0	static
