../Core/Src/main.c:305:5:main	16	static
../Core/Src/main.c:368:6:SystemClock_Config	96	static
../Core/Src/main.c:425:6:SimulateUSB_unplug	8	static
../Core/Src/main.c:429:6:SimulateUSB_plugin	8	static
../Core/Src/main.c:433:6:SwitchToHID	8	static
../Core/Src/main.c:443:6:SwitchToMSC	8	static
../Core/Src/main.c:452:6:Get_Single_Descriptor	152	static
../Core/Src/main.c:462:6:Get_Multi_Descriptor	160	static
../Core/Src/main.c:474:6:SimulateKeyPress	16	static
../Core/Src/main.c:486:6:SimulateKeyRelease	8	static
../Core/Src/main.c:493:6:SimulateKeyStroke	16	static
../Core/Src/main.c:500:6:SimulateShortcutKey	16	static
../Core/Src/main.c:508:6:SimulateKeyStrokes	24	static
../Core/Src/main.c:524:6:PrintRecvBuf	24	static
../Core/Src/main.c:534:6:InitKeyboardStatus	8	static
../Core/Src/main.c:543:6:Convert2CapsMap	24	static
../Core/Src/main.c:550:6:InterruptTrap	16	static
../Core/Src/main.c:561:6:BadUSB_Attack	280	static
../Core/Src/main.c:581:6:HAL_TIM_PeriodElapsedCallback	16	static
../Core/Src/main.c:603:6:HAL_GPIO_EXTI_Callback	16	static
../Core/Src/main.c:615:6:Error_Handler	4	static,ignoring_inline_asm
