../Core/Src/main.c:308:5:main	16	static
../Core/Src/main.c:377:6:SystemClock_Config	96	static
../Core/Src/main.c:434:6:SimulateUSB_unplug	8	static
../Core/Src/main.c:438:6:SimulateUSB_plugin	8	static
../Core/Src/main.c:442:6:SwitchToHID	8	static
../Core/Src/main.c:451:6:SwitchToMSC	8	static
../Core/Src/main.c:460:6:Get_Single_Descriptor	152	static
../Core/Src/main.c:472:6:Get_Multi_Descriptor	160	static
../Core/Src/main.c:484:6:SimulateKeyPress	16	static
../Core/Src/main.c:491:6:SimulateKeyRelease	8	static
../Core/Src/main.c:498:6:SimulateKeyStroke	16	static
../Core/Src/main.c:505:6:SimulateShortcutKey	16	static
../Core/Src/main.c:516:6:SimulateKeyStrokes	24	static
../Core/Src/main.c:532:6:PrintRecvBuf	24	static
../Core/Src/main.c:542:6:InitKeyboardStatus	8	static
../Core/Src/main.c:551:6:Convert2CapsMap	24	static
../Core/Src/main.c:558:6:InterruptTrap	16	static
../Core/Src/main.c:569:6:BadUSB_Attack	544	static
../Core/Src/main.c:593:6:HAL_TIM_PeriodElapsedCallback	16	static
../Core/Src/main.c:615:6:HAL_GPIO_EXTI_Callback	16	static
../Core/Src/main.c:627:6:Error_Handler	4	static,ignoring_inline_asm
